 B R E A D W I C H   R E L A T O R I O  I N D I S P O N I B I L I D A D E S

  ID   NOME   DESCRICAO   UND./SANDES   UND. FORNECEDOR   QTD. LIMITE


 ID INGREDIENTE:   1   NOME: PAO BRANCO
 DESCRICAO: PAO BRANCO
 QTD. LIMITE: 003   UND. FORNECEDORES: KG    UND. SANDUICHES: UND

 ID INGREDIENTE:   2   NOME: PAO CENTEIO
 DESCRICAO: PAO DE CENTEIO
 QTD. LIMITE: 003   UND. FORNECEDORES: KG    UND. SANDUICHES: UND

 ID INGREDIENTE:   3   NOME: PAO SEMENTES
 DESCRICAO: PAO DE SEMENTES
 QTD. LIMITE: 003   UND. FORNECEDORES: KG    UND. SANDUICHES: UND

 ID INGREDIENTE:   4   NOME: PAO SEM GLUTEN
 DESCRICAO: PAO SEM GLUTEN
 QTD. LIMITE: 003   UND. FORNECEDORES: KG    UND. SANDUICHES: UND

 ID INGREDIENTE:   5   NOME: FIAMBRE PERNA
 DESCRICAO: FIAMBRE DE PORCO DA PERNA
 QTD. LIMITE: 005   UND. FORNECEDORES: KG    UND. SANDUICHES: GR

 ID INGREDIENTE:   6   NOME: FIAMBRE DA PA
 DESCRICAO: FIAMBRE DE PORCO DA PA
 QTD. LIMITE: 006   UND. FORNECEDORES: KG    UND. SANDUICHES: GR

 ID INGREDIENTE:   7   NOME: ATUM
 DESCRICAO: ATUM EM CONSERVA DE OLEO
 QTD. LIMITE: 010   UND. FORNECEDORES: KG    UND. SANDUICHES: GR

 ID INGREDIENTE:   8   NOME: ATUM NATURAL
 DESCRICAO: ATUM EM CONSERVA DE AGUA
 QTD. LIMITE: 005   UND. FORNECEDORES: KG    UND. SANDUICHES: GR

 ID INGREDIENTE:   9   NOME: FIAMBRE PERU
 DESCRICAO: FIAMBDE DE PEITO DE PERU
 QTD. LIMITE: 002   UND. FORNECEDORES: KG    UND. SANDUICHES: GR

 ID INGREDIENTE:  10   NOME: FIAMBRE FRANGO
 DESCRICAO: FIAMBRE DE PEITO DE FRANGO
 QTD. LIMITE: 003   UND. FORNECEDORES: KG    UND. SANDUICHES: GR

 ID INGREDIENTE:  11   NOME: QUEIJO FLAMENGO


  DATA: 10/03/2021      HORA: 23:16:02                     PAG.:  1





  ID   NOME   DESCRICAO   UND./SANDES   UND. FORNECEDOR   QTD. LIMITE



 DESCRICAO: QUEIJO FLAMENGO EM FATIAS
 QTD. LIMITE: 008   UND. FORNECEDORES: KG    UND. SANDUICHES: GR

 ID INGREDIENTE:  12   NOME: QUEIJO CHEDDAR
 DESCRICAO: QUEIJO CHEDDAR FATIADO
 QTD. LIMITE: 002   UND. FORNECEDORES: KG    UND. SANDUICHES: GR

 ID INGREDIENTE:  13   NOME: QUEIJO DA SERRA DA ESTRELA
 DESCRICAO: QUEIJO AMANTEIGADO DA SERRA DA ESTRELA
 QTD. LIMITE: 002   UND. FORNECEDORES: KG    UND. SANDUICHES: GR

 ID INGREDIENTE:  14   NOME: QUEIJO ROQUEFORT
 DESCRICAO: QUEIJO ROQUEFORT
 QTD. LIMITE: 002   UND. FORNECEDORES: KG    UND. SANDUICHES: GR

 ID INGREDIENTE:  15   NOME: QUEIJO BRIE
 DESCRICAO: QUEIJO BRIE
 QTD. LIMITE: 004   UND. FORNECEDORES: KG    UND. SANDUICHES: GR

 ID INGREDIENTE:  16   NOME: MILHO
 DESCRICAO: MILHO DOCE
 QTD. LIMITE: 002   UND. FORNECEDORES: KG    UND. SANDUICHES: GR

 ID INGREDIENTE:  17   NOME: MORTADELA
 DESCRICAO: MORTADELA FATIADA
 QTD. LIMITE: 003   UND. FORNECEDORES: KG    UND. SANDUICHES: GR

 ID INGREDIENTE:  18   NOME: MORTADELA COM AZEITONAS
 DESCRICAO: MORTADELA COM AZEITONAS FATIADA
 QTD. LIMITE: 003   UND. FORNECEDORES: KG    UND. SANDUICHES: GR

 ID INGREDIENTE:  19   NOME: CHOURICAO
 DESCRICAO: CHOURICAO FATIADO
 QTD. LIMITE: 003   UND. FORNECEDORES: KG    UND. SANDUICHES: GR

 ID INGREDIENTE:  20   NOME: SALSICHA HOTDOG
 DESCRICAO: SALSICHA TIPO FRANKFURT
 QTD. LIMITE: 005   UND. FORNECEDORES: KG    UND. SANDUICHES: GR

 ID INGREDIENTE:  21   NOME: SALSICHA DE AVES
 DESCRICAO: SALSICHA DE AVES


  DATA: 10/03/2021      HORA: 23:16:02                     PAG.:  2





  ID   NOME   DESCRICAO   UND./SANDES   UND. FORNECEDOR   QTD. LIMITE



 QTD. LIMITE: 003   UND. FORNECEDORES: KG    UND. SANDUICHES: GR

 ID INGREDIENTE:  22   NOME: FRANGO ASSADO
 DESCRICAO: FRANGO ASSADO DESFIADO
 QTD. LIMITE: 003   UND. FORNECEDORES: KG    UND. SANDUICHES: GR

 ID INGREDIENTE:  23   NOME: ALHEIRA
 DESCRICAO: ALHEIRA DE MIRANDELA
 QTD. LIMITE: 003   UND. FORNECEDORES: KG    UND. SANDUICHES: GR

 ID INGREDIENTE:  24   NOME: ALHEIRA VEGAN
 DESCRICAO: ALHEIRA VEGETARIANA
 QTD. LIMITE: 003   UND. FORNECEDORES: KG    UND. SANDUICHES: GR

 ID INGREDIENTE:  25   NOME: LINGUICA
 DESCRICAO: LINGUICA FRESCA
 QTD. LIMITE: 002   UND. FORNECEDORES: KG    UND. SANDUICHES: GR

 ID INGREDIENTE:  26   NOME: SALSICHA FRESCA
 DESCRICAO: SALSICHA FRESCA
 QTD. LIMITE: 002   UND. FORNECEDORES: KG    UND. SANDUICHES: GR

 ID INGREDIENTE:  27   NOME: ALCATARA
 DESCRICAO: BIFE DE VACA DA ALCATARA
 QTD. LIMITE: 003   UND. FORNECEDORES: KG    UND. SANDUICHES: GR

 ID INGREDIENTE:  28   NOME: ALFACE
 DESCRICAO: ALFACE FRISADO
 QTD. LIMITE: 005   UND. FORNECEDORES: KG    UND. SANDUICHES: GR

 ID INGREDIENTE:  29   NOME: ALFACE ICEBERG
 DESCRICAO: ALFACE ICEBERG
 QTD. LIMITE: 004   UND. FORNECEDORES: KG    UND. SANDUICHES: GR

 ID INGREDIENTE:  30   NOME: RUCULA
 DESCRICAO: RUCULA
 QTD. LIMITE: 005   UND. FORNECEDORES: KG    UND. SANDUICHES: GR

 ID INGREDIENTE:  31   NOME: COUVE ROXA
 DESCRICAO: COUVE ROXA
 QTD. LIMITE: 004   UND. FORNECEDORES: KG    UND. SANDUICHES: GR


  DATA: 10/03/2021      HORA: 23:16:02                     PAG.:  3





  ID   NOME   DESCRICAO   UND./SANDES   UND. FORNECEDOR   QTD. LIMITE



 ID INGREDIENTE:  32   NOME: CENOURA
 DESCRICAO: CENOURA RIPADA
 QTD. LIMITE: 006   UND. FORNECEDORES: KG    UND. SANDUICHES: GR

 ID INGREDIENTE:  33   NOME: COURGETTE
 DESCRICAO: COURGETTE
 QTD. LIMITE: 006   UND. FORNECEDORES: KG    UND. SANDUICHES: GR

 ID INGREDIENTE:  34   NOME: BERINGELA
 DESCRICAO: BERINGELA
 QTD. LIMITE: 006   UND. FORNECEDORES: KG    UND. SANDUICHES: GR

 ID INGREDIENTE:  35   NOME: PEPINO
 DESCRICAO: PEPINO FATIADO
 QTD. LIMITE: 006   UND. FORNECEDORES: KG    UND. SANDUICHES: GR

 ID INGREDIENTE:  36   NOME: BETERRABA
 DESCRICAO: BETERRABA FATIADA
 QTD. LIMITE: 004   UND. FORNECEDORES: KG    UND. SANDUICHES: GR

 ID INGREDIENTE:  37   NOME: COGUMELOS PARIS
 DESCRICAO: COGUMELOS PARIS
 QTD. LIMITE: 010   UND. FORNECEDORES: KG    UND. SANDUICHES: GR

 ID INGREDIENTE:  38   NOME: COGUMELOS MARRON
 DESCRICAO: COGUMELOS MARRON
 QTD. LIMITE: 010   UND. FORNECEDORES: KG    UND. SANDUICHES: GR

 ID INGREDIENTE:  39   NOME: COGUMELOS SHITAKE
 DESCRICAO: COGUMELOS SHITAKE
 QTD. LIMITE: 003   UND. FORNECEDORES: KG    UND. SANDUICHES: GR

 ID INGREDIENTE:  40   NOME: PRESUNTO
 DESCRICAO: PRESUNTO IBERICO FATIADO
 QTD. LIMITE: 010   UND. FORNECEDORES: KG    UND. SANDUICHES: GR

 ID INGREDIENTE:  41   NOME: BACON
 DESCRICAO: BACON FATIADO
 QTD. LIMITE: 010   UND. FORNECEDORES: KG    UND. SANDUICHES: GR

 ID INGREDIENTE:  42   NOME: OVO COZIDO


  DATA: 10/03/2021      HORA: 23:16:02                     PAG.:  4





  ID   NOME   DESCRICAO   UND./SANDES   UND. FORNECEDOR   QTD. LIMITE



 DESCRICAO: OVO COZIDO
 QTD. LIMITE: 002   UND. FORNECEDORES: KG    UND. SANDUICHES: UND

 ID INGREDIENTE:  43   NOME: PRESUNTO PATA NEGRA
 DESCRICAO: PRESUNTO PATA NEGRA
 QTD. LIMITE: 001   UND. FORNECEDORES: KG    UND. SANDUICHES: GR

 ID INGREDIENTE:  44   NOME: MAIONESE
 DESCRICAO: MAIONESE
 QTD. LIMITE: 005   UND. FORNECEDORES: KG    UND. SANDUICHES: GR

 ID INGREDIENTE:  45   NOME: AZEITE
 DESCRICAO: AZEITE VIRGEM EXTRA
 QTD. LIMITE: 015   UND. FORNECEDORES: LT    UND. SANDUICHES: ML

 ID INGREDIENTE:  46   NOME: MOSTARDA DIJON
 DESCRICAO: MOSTARDA DIJON
 QTD. LIMITE: 001   UND. FORNECEDORES: KG    UND. SANDUICHES: GR

 ID INGREDIENTE:  47   NOME: MEL
 DESCRICAO: MEL DE FLORES
 QTD. LIMITE: 002   UND. FORNECEDORES: KG    UND. SANDUICHES: ML

 ID INGREDIENTE:  48   NOME: MANTEIGA
 DESCRICAO: MANTEIGA
 QTD. LIMITE: 005   UND. FORNECEDORES: KG    UND. SANDUICHES: GR

 ID INGREDIENTE:  49   NOME: ESPINAFRES
 DESCRICAO: ESPINAFRES
 QTD. LIMITE: 005   UND. FORNECEDORES: KG    UND. SANDUICHES: GR

 ID INGREDIENTE:  50   NOME: PULLED PORK
 DESCRICAO: PORCO DESFIADO
 QTD. LIMITE: 005   UND. FORNECEDORES: KG    UND. SANDUICHES: GR

 ID INGREDIENTE:  51   NOME: SALMAO FUMADO
 DESCRICAO: SALMAO FUMADO
 QTD. LIMITE: 001   UND. FORNECEDORES: KG    UND. SANDUICHES: GR

 ID INGREDIENTE:  52   NOME: MOLHO MOSTARDA E MEL
 DESCRICAO: MOLHO MOSTARDA E MEL


  DATA: 10/03/2021      HORA: 23:16:02                     PAG.:  5





  ID   NOME   DESCRICAO   UND./SANDES   UND. FORNECEDOR   QTD. LIMITE



 QTD. LIMITE: 001   UND. FORNECEDORES: KG    UND. SANDUICHES: ML

 ID INGREDIENTE:  53   NOME: MOLHO BARBECUE
 DESCRICAO: MOLHO BARBECUE
 QTD. LIMITE: 001   UND. FORNECEDORES: KG    UND. SANDUICHES: ML

 ID INGREDIENTE:  54   NOME: QUEIJO FRESCO
 DESCRICAO: QUEIJO FRESCO
 QTD. LIMITE: 001   UND. FORNECEDORES: KG    UND. SANDUICHES: GR

 ID INGREDIENTE:  55   NOME: TOMATE
 DESCRICAO: TOMATE CORACAO DE BOI
 QTD. LIMITE: 005   UND. FORNECEDORES: KG    UND. SANDUICHES: GR

 ID INGREDIENTE:  56   NOME: OREGAOS
 DESCRICAO: OREGAOS
 QTD. LIMITE: 002   UND. FORNECEDORES: KG    UND. SANDUICHES: GR



























  DATA: 10/03/2021      HORA: 23:16:02                     PAG.:  6




