 B R E A D W I C H  I N G R E D I E N T  S U P P L I E R S   R E P O R T

                 REPORT INGREDIENTS SUPPLIERS FILE

 SUPPLIER ID    INGREDIENT ID        PRICE       PRICE VALIDITY
    004             027               006€         26/03/2021
    009             024               001€         31/03/2021
    003             040               008€         09/03/2021
    007             013               015€         10/03/2021
    010             028               001€         26/03/2021
    011             026               006€         31/07/2021
    001             003               001€         26/03/2021
    002             003               001€         30/06/2021
    001             002               001€         26/03/2021
    003             043               025€         31/05/2021
    004             043               024€         30/06/2021
    005             007               004€         29/03/2021
    006             007               005€         29/05/2021
    010             007               007€         26/07/2021
    008             012               009€         26/04/2021
    001             004               002€         25/03/2021
    002             004               002€         31/08/2021



























  DATE: 10/03/2021      TIME: 21:20:15                     PAGE   1




