 S A N D W I C H   R E G I S T R A T I O N   R E P O R T

  ID      SHORT DESCRIPTION         LONG DESCRIPTION
  PRICE  CATEGORIE
  INGREDIENT    QUANTITY UNIT OF MEASURE


 ATUM       SANDE DE ATUM E MAIONESE          SANDE DE ATUM E MAIONESE
 02    SALGADO
 ATUM                          050GR MAIONESE                      010GR MAIONESE                      010GR

 MISTA      SANDE QUEIJO E FIAMBRE            SANDE DE QUEIJO FLAMENGO E FIAMBRE
 01    SALGADO
 PAO SEMENTES                  001UNDFIAMBRE PERNA                 020GR QUEIJO FLAMENGO               030GR

 FRMAI      FRANGO E MAIONESE                 FRANGO ASSADO DESFIADO E MAIONESE
 04    SALGADO                       CALORIAS +
 PAO CENTEIO                   001UNDQUEIJO BRIE                   030GR FRANGO ASSADO                 060GR MAIONESE                      030GR

 PLPOR      PULLED PORK                       PULLED PORK COM MOLHO BARBECUE
 04    SALGADO +                     QUENTE
 PAO CENTEIO                   001UNDPULLED PORK                   080GR MOLHO BARBECUE                020ML

 PRQUE      PRESUNTO E QUEIJO                 PRESUNTO E QUEIJO DA SERRA
 05    SALGADO +                     CALORIAS ++
 PAO BRANCO                    001UNDQUEIJO DA SERRA DA ESTRELA    050GR PRESUNTO                      040GR

 SALMA      SALMAO FUMADO MOSTARDA            SANDE DE SALMAO FUMADO COM MOLHO MOSTARDA E MEL
 07    SALGADO +                     CALORIAS ++
 PAO SEMENTES                  001UNDSALMAO FUMADO                 050GR MOLHO MOSTARDA E MEL          020ML



















  DATE: 2021/03/10      TIME: 21:48:58                     PAGE    1




